[12-Aug-2026 07:28:18 Asia/Jakarta] PHP Warning:  Undefined array key "text" in /home/andronet/mikbotam.andronet.xyz/Saldo/src/Bot.php on line 111
[12-Aug-2026 07:28:18 Asia/Jakarta] PHP Warning:  Trying to access array offset on value of type bool in /home/andronet/mikbotam.andronet.xyz/Saldo/src/Bot.php on line 117
[12-Aug-2026 07:28:18 Asia/Jakarta] PHP Warning:  Trying to access array offset on value of type null in /home/andronet/mikbotam.andronet.xyz/Saldo/src/Bot.php on line 117
[12-Aug-2026 07:28:18 Asia/Jakarta] PHP Warning:  Trying to access array offset on value of type bool in /home/andronet/mikbotam.andronet.xyz/Saldo/src/Bot.php on line 118
[12-Aug-2026 07:28:18 Asia/Jakarta] PHP Warning:  Trying to access array offset on value of type null in /home/andronet/mikbotam.andronet.xyz/Saldo/src/Bot.php on line 118
[12-Aug-2026 07:28:18 Asia/Jakarta] PHP Warning:  Trying to access array offset on value of type bool in /home/andronet/mikbotam.andronet.xyz/Saldo/src/Bot.php on line 119
[12-Aug-2026 07:28:18 Asia/Jakarta] PHP Warning:  Trying to access array offset on value of type null in /home/andronet/mikbotam.andronet.xyz/Saldo/src/Bot.php on line 119
[12-Aug-2026 07:28:18 Asia/Jakarta] PHP Warning:  Trying to access array offset on value of type bool in /home/andronet/mikbotam.andronet.xyz/Saldo/src/Bot.php on line 122
[12-Aug-2026 07:28:18 Asia/Jakarta] PHP Warning:  Trying to access array offset on value of type null in /home/andronet/mikbotam.andronet.xyz/Saldo/src/Bot.php on line 122
[12-Aug-2026 07:28:18 Asia/Jakarta] PHP Warning:  Trying to access array offset on value of type bool in /home/andronet/mikbotam.andronet.xyz/Saldo/src/Bot.php on line 123
[12-Aug-2026 07:28:18 Asia/Jakarta] PHP Warning:  Trying to access array offset on value of type null in /home/andronet/mikbotam.andronet.xyz/Saldo/src/Bot.php on line 123
[12-Aug-2026 07:28:18 Asia/Jakarta] PHP Warning:  Trying to access array offset on value of type bool in /home/andronet/mikbotam.andronet.xyz/Saldo/src/Bot.php on line 124
[12-Aug-2026 07:28:18 Asia/Jakarta] PHP Warning:  Trying to access array offset on value of type null in /home/andronet/mikbotam.andronet.xyz/Saldo/src/Bot.php on line 124
[12-Aug-2026 07:28:18 Asia/Jakarta] PHP Warning:  Trying to access array offset on value of type bool in /home/andronet/mikbotam.andronet.xyz/Saldo/src/Bot.php on line 125
[12-Aug-2026 07:28:18 Asia/Jakarta] PHP Warning:  Trying to access array offset on value of type null in /home/andronet/mikbotam.andronet.xyz/Saldo/src/Bot.php on line 125
[12-Aug-2026 07:28:18 Asia/Jakarta] PHP Warning:  Trying to access array offset on value of type bool in /home/andronet/mikbotam.andronet.xyz/Saldo/src/Bot.php on line 128
[12-Aug-2026 12:44:57 Asia/Jakarta] PHP Warning:  Undefined variable $database2 in /home/andronet/mikbotam.andronet.xyz/Saldo/Core.php on line 1209
[12-Aug-2026 12:44:57 Asia/Jakarta] PHP Warning:  Undefined variable $database3 in /home/andronet/mikbotam.andronet.xyz/Saldo/Core.php on line 1210
[12-Aug-2026 12:44:57 Asia/Jakarta] PHP Warning:  Undefined variable $database4 in /home/andronet/mikbotam.andronet.xyz/Saldo/Core.php on line 1216
[12-Aug-2026 12:44:57 Asia/Jakarta] PHP Warning:  Undefined variable $database5 in /home/andronet/mikbotam.andronet.xyz/Saldo/Core.php on line 1217
[12-Aug-2026 12:45:03 Asia/Jakarta] PHP Warning:  Undefined array key 2 in /home/andronet/mikbotam.andronet.xyz/Saldo/Core.php on line 1261
[12-Aug-2026 12:45:03 Asia/Jakarta] PHP Warning:  Trying to access array offset on value of type null in /home/andronet/mikbotam.andronet.xyz/Saldo/Core.php on line 1261
[12-Aug-2026 12:45:03 Asia/Jakarta] PHP Warning:  Undefined array key 3 in /home/andronet/mikbotam.andronet.xyz/Saldo/Core.php on line 1261
[12-Aug-2026 12:45:03 Asia/Jakarta] PHP Warning:  Trying to access array offset on value of type null in /home/andronet/mikbotam.andronet.xyz/Saldo/Core.php on line 1261
[12-Aug-2026 12:45:03 Asia/Jakarta] PHP Warning:  Undefined array key 4 in /home/andronet/mikbotam.andronet.xyz/Saldo/Core.php on line 1261
[12-Aug-2026 12:45:03 Asia/Jakarta] PHP Warning:  Trying to access array offset on value of type null in /home/andronet/mikbotam.andronet.xyz/Saldo/Core.php on line 1261
[12-Aug-2026 12:45:03 Asia/Jakarta] PHP Warning:  Undefined array key 5 in /home/andronet/mikbotam.andronet.xyz/Saldo/Core.php on line 1261
[12-Aug-2026 12:45:03 Asia/Jakarta] PHP Warning:  Trying to access array offset on value of type null in /home/andronet/mikbotam.andronet.xyz/Saldo/Core.php on line 1261
[12-Aug-2026 12:45:03 Asia/Jakarta] PHP Fatal error:  Uncaught TypeError: Unsupported operand types: string * int in /home/andronet/mikbotam.andronet.xyz/Api/routeros_api.class.php:559
Stack trace:
#0 /home/andronet/mikbotam.andronet.xyz/Saldo/Core.php(1279): toBytes()
#1 /home/andronet/mikbotam.andronet.xyz/Saldo/src/FrameBot.php(304): {closure}()
#2 /home/andronet/mikbotam.andronet.xyz/Saldo/src/FrameBot.php(144): FrameBot->process()
#3 /home/andronet/mikbotam.andronet.xyz/Saldo/src/FrameBot.php(126): FrameBot->webhook()
#4 /home/andronet/mikbotam.andronet.xyz/Saldo/Core.php(1873): FrameBot->run()
#5 {main}
  thrown in /home/andronet/mikbotam.andronet.xyz/Api/routeros_api.class.php on line 559
[12-Aug-2026 12:45:03 Asia/Jakarta] PHP Warning:  Undefined array key 2 in /home/andronet/mikbotam.andronet.xyz/Saldo/Core.php on line 1261
[12-Aug-2026 12:45:03 Asia/Jakarta] PHP Warning:  Trying to access array offset on value of type null in /home/andronet/mikbotam.andronet.xyz/Saldo/Core.php on line 1261
[12-Aug-2026 12:45:03 Asia/Jakarta] PHP Warning:  Undefined array key 3 in /home/andronet/mikbotam.andronet.xyz/Saldo/Core.php on line 1261
[12-Aug-2026 12:45:03 Asia/Jakarta] PHP Warning:  Trying to access array offset on value of type null in /home/andronet/mikbotam.andronet.xyz/Saldo/Core.php on line 1261
[12-Aug-2026 12:45:03 Asia/Jakarta] PHP Warning:  Undefined array key 4 in /home/andronet/mikbotam.andronet.xyz/Saldo/Core.php on line 1261
[12-Aug-2026 12:45:03 Asia/Jakarta] PHP Warning:  Trying to access array offset on value of type null in /home/andronet/mikbotam.andronet.xyz/Saldo/Core.php on line 1261
[12-Aug-2026 12:45:03 Asia/Jakarta] PHP Warning:  Undefined array key 5 in /home/andronet/mikbotam.andronet.xyz/Saldo/Core.php on line 1261
[12-Aug-2026 12:45:03 Asia/Jakarta] PHP Warning:  Trying to access array offset on value of type null in /home/andronet/mikbotam.andronet.xyz/Saldo/Core.php on line 1261
[12-Aug-2026 12:45:03 Asia/Jakarta] PHP Fatal error:  Uncaught TypeError: Unsupported operand types: string * int in /home/andronet/mikbotam.andronet.xyz/Api/routeros_api.class.php:559
Stack trace:
#0 /home/andronet/mikbotam.andronet.xyz/Saldo/Core.php(1279): toBytes()
#1 /home/andronet/mikbotam.andronet.xyz/Saldo/src/FrameBot.php(304): {closure}()
#2 /home/andronet/mikbotam.andronet.xyz/Saldo/src/FrameBot.php(144): FrameBot->process()
#3 /home/andronet/mikbotam.andronet.xyz/Saldo/src/FrameBot.php(126): FrameBot->webhook()
#4 /home/andronet/mikbotam.andronet.xyz/Saldo/Core.php(1873): FrameBot->run()
#5 {main}
  thrown in /home/andronet/mikbotam.andronet.xyz/Api/routeros_api.class.php on line 559
[12-Aug-2026 12:45:06 Asia/Jakarta] PHP Warning:  Undefined array key 2 in /home/andronet/mikbotam.andronet.xyz/Saldo/Core.php on line 1261
[12-Aug-2026 12:45:06 Asia/Jakarta] PHP Warning:  Trying to access array offset on value of type null in /home/andronet/mikbotam.andronet.xyz/Saldo/Core.php on line 1261
[12-Aug-2026 12:45:06 Asia/Jakarta] PHP Warning:  Undefined array key 3 in /home/andronet/mikbotam.andronet.xyz/Saldo/Core.php on line 1261
[12-Aug-2026 12:45:06 Asia/Jakarta] PHP Warning:  Trying to access array offset on value of type null in /home/andronet/mikbotam.andronet.xyz/Saldo/Core.php on line 1261
[12-Aug-2026 12:45:06 Asia/Jakarta] PHP Warning:  Undefined array key 4 in /home/andronet/mikbotam.andronet.xyz/Saldo/Core.php on line 1261
[12-Aug-2026 12:45:06 Asia/Jakarta] PHP Warning:  Trying to access array offset on value of type null in /home/andronet/mikbotam.andronet.xyz/Saldo/Core.php on line 1261
[12-Aug-2026 12:45:06 Asia/Jakarta] PHP Warning:  Undefined array key 5 in /home/andronet/mikbotam.andronet.xyz/Saldo/Core.php on line 1261
[12-Aug-2026 12:45:06 Asia/Jakarta] PHP Warning:  Trying to access array offset on value of type null in /home/andronet/mikbotam.andronet.xyz/Saldo/Core.php on line 1261
[12-Aug-2026 12:45:06 Asia/Jakarta] PHP Fatal error:  Uncaught TypeError: Unsupported operand types: string * int in /home/andronet/mikbotam.andronet.xyz/Api/routeros_api.class.php:559
Stack trace:
#0 /home/andronet/mikbotam.andronet.xyz/Saldo/Core.php(1279): toBytes()
#1 /home/andronet/mikbotam.andronet.xyz/Saldo/src/FrameBot.php(304): {closure}()
#2 /home/andronet/mikbotam.andronet.xyz/Saldo/src/FrameBot.php(144): FrameBot->process()
#3 /home/andronet/mikbotam.andronet.xyz/Saldo/src/FrameBot.php(126): FrameBot->webhook()
#4 /home/andronet/mikbotam.andronet.xyz/Saldo/Core.php(1873): FrameBot->run()
#5 {main}
  thrown in /home/andronet/mikbotam.andronet.xyz/Api/routeros_api.class.php on line 559
[12-Aug-2026 12:45:10 Asia/Jakarta] PHP Warning:  Undefined array key 2 in /home/andronet/mikbotam.andronet.xyz/Saldo/Core.php on line 1261
[12-Aug-2026 12:45:10 Asia/Jakarta] PHP Warning:  Trying to access array offset on value of type null in /home/andronet/mikbotam.andronet.xyz/Saldo/Core.php on line 1261
[12-Aug-2026 12:45:10 Asia/Jakarta] PHP Warning:  Undefined array key 3 in /home/andronet/mikbotam.andronet.xyz/Saldo/Core.php on line 1261
[12-Aug-2026 12:45:10 Asia/Jakarta] PHP Warning:  Trying to access array offset on value of type null in /home/andronet/mikbotam.andronet.xyz/Saldo/Core.php on line 1261
[12-Aug-2026 12:45:10 Asia/Jakarta] PHP Warning:  Undefined array key 4 in /home/andronet/mikbotam.andronet.xyz/Saldo/Core.php on line 1261
[12-Aug-2026 12:45:10 Asia/Jakarta] PHP Warning:  Trying to access array offset on value of type null in /home/andronet/mikbotam.andronet.xyz/Saldo/Core.php on line 1261
[12-Aug-2026 12:45:10 Asia/Jakarta] PHP Warning:  Undefined array key 5 in /home/andronet/mikbotam.andronet.xyz/Saldo/Core.php on line 1261
[12-Aug-2026 12:45:10 Asia/Jakarta] PHP Warning:  Trying to access array offset on value of type null in /home/andronet/mikbotam.andronet.xyz/Saldo/Core.php on line 1261
[12-Aug-2026 12:45:10 Asia/Jakarta] PHP Fatal error:  Uncaught TypeError: Unsupported operand types: string * int in /home/andronet/mikbotam.andronet.xyz/Api/routeros_api.class.php:559
Stack trace:
#0 /home/andronet/mikbotam.andronet.xyz/Saldo/Core.php(1279): toBytes()
#1 /home/andronet/mikbotam.andronet.xyz/Saldo/src/FrameBot.php(304): {closure}()
#2 /home/andronet/mikbotam.andronet.xyz/Saldo/src/FrameBot.php(144): FrameBot->process()
#3 /home/andronet/mikbotam.andronet.xyz/Saldo/src/FrameBot.php(126): FrameBot->webhook()
#4 /home/andronet/mikbotam.andronet.xyz/Saldo/Core.php(1873): FrameBot->run()
#5 {main}
  thrown in /home/andronet/mikbotam.andronet.xyz/Api/routeros_api.class.php on line 559
[12-Aug-2026 12:45:18 Asia/Jakarta] PHP Warning:  Undefined array key 2 in /home/andronet/mikbotam.andronet.xyz/Saldo/Core.php on line 1261
[12-Aug-2026 12:45:18 Asia/Jakarta] PHP Warning:  Trying to access array offset on value of type null in /home/andronet/mikbotam.andronet.xyz/Saldo/Core.php on line 1261
[12-Aug-2026 12:45:18 Asia/Jakarta] PHP Warning:  Undefined array key 3 in /home/andronet/mikbotam.andronet.xyz/Saldo/Core.php on line 1261
[12-Aug-2026 12:45:18 Asia/Jakarta] PHP Warning:  Trying to access array offset on value of type null in /home/andronet/mikbotam.andronet.xyz/Saldo/Core.php on line 1261
[12-Aug-2026 12:45:18 Asia/Jakarta] PHP Warning:  Undefined array key 4 in /home/andronet/mikbotam.andronet.xyz/Saldo/Core.php on line 1261
[12-Aug-2026 12:45:18 Asia/Jakarta] PHP Warning:  Trying to access array offset on value of type null in /home/andronet/mikbotam.andronet.xyz/Saldo/Core.php on line 1261
[12-Aug-2026 12:45:18 Asia/Jakarta] PHP Warning:  Undefined array key 5 in /home/andronet/mikbotam.andronet.xyz/Saldo/Core.php on line 1261
[12-Aug-2026 12:45:18 Asia/Jakarta] PHP Warning:  Trying to access array offset on value of type null in /home/andronet/mikbotam.andronet.xyz/Saldo/Core.php on line 1261
[12-Aug-2026 12:45:18 Asia/Jakarta] PHP Fatal error:  Uncaught TypeError: Unsupported operand types: string * int in /home/andronet/mikbotam.andronet.xyz/Api/routeros_api.class.php:559
Stack trace:
#0 /home/andronet/mikbotam.andronet.xyz/Saldo/Core.php(1279): toBytes()
#1 /home/andronet/mikbotam.andronet.xyz/Saldo/src/FrameBot.php(304): {closure}()
#2 /home/andronet/mikbotam.andronet.xyz/Saldo/src/FrameBot.php(144): FrameBot->process()
#3 /home/andronet/mikbotam.andronet.xyz/Saldo/src/FrameBot.php(126): FrameBot->webhook()
#4 /home/andronet/mikbotam.andronet.xyz/Saldo/Core.php(1873): FrameBot->run()
#5 {main}
  thrown in /home/andronet/mikbotam.andronet.xyz/Api/routeros_api.class.php on line 559
[12-Aug-2026 12:45:34 Asia/Jakarta] PHP Warning:  Undefined array key 2 in /home/andronet/mikbotam.andronet.xyz/Saldo/Core.php on line 1261
[12-Aug-2026 12:45:34 Asia/Jakarta] PHP Warning:  Trying to access array offset on value of type null in /home/andronet/mikbotam.andronet.xyz/Saldo/Core.php on line 1261
[12-Aug-2026 12:45:34 Asia/Jakarta] PHP Warning:  Undefined array key 3 in /home/andronet/mikbotam.andronet.xyz/Saldo/Core.php on line 1261
[12-Aug-2026 12:45:34 Asia/Jakarta] PHP Warning:  Trying to access array offset on value of type null in /home/andronet/mikbotam.andronet.xyz/Saldo/Core.php on line 1261
[12-Aug-2026 12:45:34 Asia/Jakarta] PHP Warning:  Undefined array key 4 in /home/andronet/mikbotam.andronet.xyz/Saldo/Core.php on line 1261
[12-Aug-2026 12:45:34 Asia/Jakarta] PHP Warning:  Trying to access array offset on value of type null in /home/andronet/mikbotam.andronet.xyz/Saldo/Core.php on line 1261
[12-Aug-2026 12:45:34 Asia/Jakarta] PHP Warning:  Undefined array key 5 in /home/andronet/mikbotam.andronet.xyz/Saldo/Core.php on line 1261
[12-Aug-2026 12:45:34 Asia/Jakarta] PHP Warning:  Trying to access array offset on value of type null in /home/andronet/mikbotam.andronet.xyz/Saldo/Core.php on line 1261
[12-Aug-2026 12:45:34 Asia/Jakarta] PHP Fatal error:  Uncaught TypeError: Unsupported operand types: string * int in /home/andronet/mikbotam.andronet.xyz/Api/routeros_api.class.php:559
Stack trace:
#0 /home/andronet/mikbotam.andronet.xyz/Saldo/Core.php(1279): toBytes()
#1 /home/andronet/mikbotam.andronet.xyz/Saldo/src/FrameBot.php(304): {closure}()
#2 /home/andronet/mikbotam.andronet.xyz/Saldo/src/FrameBot.php(144): FrameBot->process()
#3 /home/andronet/mikbotam.andronet.xyz/Saldo/src/FrameBot.php(126): FrameBot->webhook()
#4 /home/andronet/mikbotam.andronet.xyz/Saldo/Core.php(1873): FrameBot->run()
#5 {main}
  thrown in /home/andronet/mikbotam.andronet.xyz/Api/routeros_api.class.php on line 559
[12-Aug-2026 12:46:06 Asia/Jakarta] PHP Warning:  Undefined array key 2 in /home/andronet/mikbotam.andronet.xyz/Saldo/Core.php on line 1261
[12-Aug-2026 12:46:06 Asia/Jakarta] PHP Warning:  Trying to access array offset on value of type null in /home/andronet/mikbotam.andronet.xyz/Saldo/Core.php on line 1261
[12-Aug-2026 12:46:06 Asia/Jakarta] PHP Warning:  Undefined array key 3 in /home/andronet/mikbotam.andronet.xyz/Saldo/Core.php on line 1261
[12-Aug-2026 12:46:06 Asia/Jakarta] PHP Warning:  Trying to access array offset on value of type null in /home/andronet/mikbotam.andronet.xyz/Saldo/Core.php on line 1261
[12-Aug-2026 12:46:06 Asia/Jakarta] PHP Warning:  Undefined array key 4 in /home/andronet/mikbotam.andronet.xyz/Saldo/Core.php on line 1261
[12-Aug-2026 12:46:06 Asia/Jakarta] PHP Warning:  Trying to access array offset on value of type null in /home/andronet/mikbotam.andronet.xyz/Saldo/Core.php on line 1261
[12-Aug-2026 12:46:06 Asia/Jakarta] PHP Warning:  Undefined array key 5 in /home/andronet/mikbotam.andronet.xyz/Saldo/Core.php on line 1261
[12-Aug-2026 12:46:06 Asia/Jakarta] PHP Warning:  Trying to access array offset on value of type null in /home/andronet/mikbotam.andronet.xyz/Saldo/Core.php on line 1261
[12-Aug-2026 12:46:06 Asia/Jakarta] PHP Fatal error:  Uncaught TypeError: Unsupported operand types: string * int in /home/andronet/mikbotam.andronet.xyz/Api/routeros_api.class.php:559
Stack trace:
#0 /home/andronet/mikbotam.andronet.xyz/Saldo/Core.php(1279): toBytes()
#1 /home/andronet/mikbotam.andronet.xyz/Saldo/src/FrameBot.php(304): {closure}()
#2 /home/andronet/mikbotam.andronet.xyz/Saldo/src/FrameBot.php(144): FrameBot->process()
#3 /home/andronet/mikbotam.andronet.xyz/Saldo/src/FrameBot.php(126): FrameBot->webhook()
#4 /home/andronet/mikbotam.andronet.xyz/Saldo/Core.php(1873): FrameBot->run()
#5 {main}
  thrown in /home/andronet/mikbotam.andronet.xyz/Api/routeros_api.class.php on line 559
[12-Aug-2026 12:47:11 Asia/Jakarta] PHP Warning:  Undefined array key 2 in /home/andronet/mikbotam.andronet.xyz/Saldo/Core.php on line 1261
[12-Aug-2026 12:47:11 Asia/Jakarta] PHP Warning:  Trying to access array offset on value of type null in /home/andronet/mikbotam.andronet.xyz/Saldo/Core.php on line 1261
[12-Aug-2026 12:47:11 Asia/Jakarta] PHP Warning:  Undefined array key 3 in /home/andronet/mikbotam.andronet.xyz/Saldo/Core.php on line 1261
[12-Aug-2026 12:47:11 Asia/Jakarta] PHP Warning:  Trying to access array offset on value of type null in /home/andronet/mikbotam.andronet.xyz/Saldo/Core.php on line 1261
[12-Aug-2026 12:47:11 Asia/Jakarta] PHP Warning:  Undefined array key 4 in /home/andronet/mikbotam.andronet.xyz/Saldo/Core.php on line 1261
[12-Aug-2026 12:47:11 Asia/Jakarta] PHP Warning:  Trying to access array offset on value of type null in /home/andronet/mikbotam.andronet.xyz/Saldo/Core.php on line 1261
[12-Aug-2026 12:47:11 Asia/Jakarta] PHP Warning:  Undefined array key 5 in /home/andronet/mikbotam.andronet.xyz/Saldo/Core.php on line 1261
[12-Aug-2026 12:47:11 Asia/Jakarta] PHP Warning:  Trying to access array offset on value of type null in /home/andronet/mikbotam.andronet.xyz/Saldo/Core.php on line 1261
[12-Aug-2026 12:47:11 Asia/Jakarta] PHP Fatal error:  Uncaught TypeError: Unsupported operand types: string * int in /home/andronet/mikbotam.andronet.xyz/Api/routeros_api.class.php:559
Stack trace:
#0 /home/andronet/mikbotam.andronet.xyz/Saldo/Core.php(1279): toBytes()
#1 /home/andronet/mikbotam.andronet.xyz/Saldo/src/FrameBot.php(304): {closure}()
#2 /home/andronet/mikbotam.andronet.xyz/Saldo/src/FrameBot.php(144): FrameBot->process()
#3 /home/andronet/mikbotam.andronet.xyz/Saldo/src/FrameBot.php(126): FrameBot->webhook()
#4 /home/andronet/mikbotam.andronet.xyz/Saldo/Core.php(1873): FrameBot->run()
#5 {main}
  thrown in /home/andronet/mikbotam.andronet.xyz/Api/routeros_api.class.php on line 559
[12-Aug-2026 12:51:40 Asia/Jakarta] PHP Warning:  Undefined variable $limitsaldo in /home/andronet/mikbotam.andronet.xyz/Saldo/Core.php on line 1293
[12-Aug-2026 12:52:12 Asia/Jakarta] PHP Warning:  Undefined variable $database2 in /home/andronet/mikbotam.andronet.xyz/Saldo/Core.php on line 1209
[12-Aug-2026 12:52:12 Asia/Jakarta] PHP Warning:  Undefined variable $database3 in /home/andronet/mikbotam.andronet.xyz/Saldo/Core.php on line 1210
[12-Aug-2026 12:52:12 Asia/Jakarta] PHP Warning:  Undefined variable $database4 in /home/andronet/mikbotam.andronet.xyz/Saldo/Core.php on line 1216
[12-Aug-2026 12:52:12 Asia/Jakarta] PHP Warning:  Undefined variable $database5 in /home/andronet/mikbotam.andronet.xyz/Saldo/Core.php on line 1217
[12-Aug-2026 12:56:17 Asia/Jakarta] PHP Warning:  Undefined variable $database2 in /home/andronet/mikbotam.andronet.xyz/Saldo/Core.php on line 1209
[12-Aug-2026 12:56:17 Asia/Jakarta] PHP Warning:  Undefined variable $database3 in /home/andronet/mikbotam.andronet.xyz/Saldo/Core.php on line 1210
[12-Aug-2026 12:56:17 Asia/Jakarta] PHP Warning:  Undefined variable $database4 in /home/andronet/mikbotam.andronet.xyz/Saldo/Core.php on line 1216
[12-Aug-2026 12:56:17 Asia/Jakarta] PHP Warning:  Undefined variable $database5 in /home/andronet/mikbotam.andronet.xyz/Saldo/Core.php on line 1217
[12-Aug-2026 12:56:19 Asia/Jakarta] PHP Warning:  Undefined variable $limitsaldo in /home/andronet/mikbotam.andronet.xyz/Saldo/Core.php on line 1293
[12-Aug-2026 12:56:22 Asia/Jakarta] PHP Warning:  Undefined variable $database2 in /home/andronet/mikbotam.andronet.xyz/Saldo/Core.php on line 1557
[12-Aug-2026 12:56:22 Asia/Jakarta] PHP Warning:  Undefined variable $database3 in /home/andronet/mikbotam.andronet.xyz/Saldo/Core.php on line 1558
[12-Aug-2026 12:56:22 Asia/Jakarta] PHP Warning:  Undefined variable $database4 in /home/andronet/mikbotam.andronet.xyz/Saldo/Core.php on line 1564
[12-Aug-2026 12:56:22 Asia/Jakarta] PHP Warning:  Undefined variable $database5 in /home/andronet/mikbotam.andronet.xyz/Saldo/Core.php on line 1565
[12-Aug-2026 13:02:06 Asia/Jakarta] PHP Warning:  Undefined variable $database2 in /home/andronet/mikbotam.andronet.xyz/Saldo/Core.php on line 1557
[12-Aug-2026 13:02:06 Asia/Jakarta] PHP Warning:  Undefined variable $database3 in /home/andronet/mikbotam.andronet.xyz/Saldo/Core.php on line 1558
[12-Aug-2026 13:02:06 Asia/Jakarta] PHP Warning:  Undefined variable $database4 in /home/andronet/mikbotam.andronet.xyz/Saldo/Core.php on line 1564
[12-Aug-2026 13:02:06 Asia/Jakarta] PHP Warning:  Undefined variable $database5 in /home/andronet/mikbotam.andronet.xyz/Saldo/Core.php on line 1565
[12-Aug-2026 13:02:12 Asia/Jakarta] PHP Warning:  Undefined variable $database2 in /home/andronet/mikbotam.andronet.xyz/Saldo/Core.php on line 1557
[12-Aug-2026 13:02:12 Asia/Jakarta] PHP Warning:  Undefined variable $database3 in /home/andronet/mikbotam.andronet.xyz/Saldo/Core.php on line 1558
[12-Aug-2026 13:02:12 Asia/Jakarta] PHP Warning:  Undefined variable $database4 in /home/andronet/mikbotam.andronet.xyz/Saldo/Core.php on line 1564
[12-Aug-2026 13:02:12 Asia/Jakarta] PHP Warning:  Undefined variable $database5 in /home/andronet/mikbotam.andronet.xyz/Saldo/Core.php on line 1565
[12-Aug-2026 13:02:29 Asia/Jakarta] PHP Warning:  Undefined variable $database2 in /home/andronet/mikbotam.andronet.xyz/Saldo/Core.php on line 1209
[12-Aug-2026 13:02:29 Asia/Jakarta] PHP Warning:  Undefined variable $database3 in /home/andronet/mikbotam.andronet.xyz/Saldo/Core.php on line 1210
[12-Aug-2026 13:02:29 Asia/Jakarta] PHP Warning:  Undefined variable $database4 in /home/andronet/mikbotam.andronet.xyz/Saldo/Core.php on line 1216
[12-Aug-2026 13:02:29 Asia/Jakarta] PHP Warning:  Undefined variable $database5 in /home/andronet/mikbotam.andronet.xyz/Saldo/Core.php on line 1217
[12-Aug-2026 13:02:34 Asia/Jakarta] PHP Warning:  Undefined variable $database2 in /home/andronet/mikbotam.andronet.xyz/Saldo/Core.php on line 1557
[12-Aug-2026 13:02:34 Asia/Jakarta] PHP Warning:  Undefined variable $database3 in /home/andronet/mikbotam.andronet.xyz/Saldo/Core.php on line 1558
[12-Aug-2026 13:02:34 Asia/Jakarta] PHP Warning:  Undefined variable $database4 in /home/andronet/mikbotam.andronet.xyz/Saldo/Core.php on line 1564
[12-Aug-2026 13:02:34 Asia/Jakarta] PHP Warning:  Undefined variable $database5 in /home/andronet/mikbotam.andronet.xyz/Saldo/Core.php on line 1565
[12-Aug-2026 16:46:41 Asia/Jakarta] PHP Warning:  Undefined array key "text" in /home/andronet/mikbotam.andronet.xyz/Saldo/src/Bot.php on line 111
[12-Aug-2026 16:46:41 Asia/Jakarta] PHP Warning:  Trying to access array offset on value of type bool in /home/andronet/mikbotam.andronet.xyz/Saldo/src/Bot.php on line 117
[12-Aug-2026 16:46:41 Asia/Jakarta] PHP Warning:  Trying to access array offset on value of type null in /home/andronet/mikbotam.andronet.xyz/Saldo/src/Bot.php on line 117
[12-Aug-2026 16:46:41 Asia/Jakarta] PHP Warning:  Trying to access array offset on value of type bool in /home/andronet/mikbotam.andronet.xyz/Saldo/src/Bot.php on line 118
[12-Aug-2026 16:46:41 Asia/Jakarta] PHP Warning:  Trying to access array offset on value of type null in /home/andronet/mikbotam.andronet.xyz/Saldo/src/Bot.php on line 118
[12-Aug-2026 16:46:41 Asia/Jakarta] PHP Warning:  Trying to access array offset on value of type bool in /home/andronet/mikbotam.andronet.xyz/Saldo/src/Bot.php on line 119
[12-Aug-2026 16:46:41 Asia/Jakarta] PHP Warning:  Trying to access array offset on value of type null in /home/andronet/mikbotam.andronet.xyz/Saldo/src/Bot.php on line 119
[12-Aug-2026 16:46:41 Asia/Jakarta] PHP Warning:  Trying to access array offset on value of type bool in /home/andronet/mikbotam.andronet.xyz/Saldo/src/Bot.php on line 122
[12-Aug-2026 16:46:41 Asia/Jakarta] PHP Warning:  Trying to access array offset on value of type null in /home/andronet/mikbotam.andronet.xyz/Saldo/src/Bot.php on line 122
[12-Aug-2026 16:46:41 Asia/Jakarta] PHP Warning:  Trying to access array offset on value of type bool in /home/andronet/mikbotam.andronet.xyz/Saldo/src/Bot.php on line 123
[12-Aug-2026 16:46:41 Asia/Jakarta] PHP Warning:  Trying to access array offset on value of type null in /home/andronet/mikbotam.andronet.xyz/Saldo/src/Bot.php on line 123
[12-Aug-2026 16:46:41 Asia/Jakarta] PHP Warning:  Trying to access array offset on value of type bool in /home/andronet/mikbotam.andronet.xyz/Saldo/src/Bot.php on line 124
[12-Aug-2026 16:46:41 Asia/Jakarta] PHP Warning:  Trying to access array offset on value of type null in /home/andronet/mikbotam.andronet.xyz/Saldo/src/Bot.php on line 124
[12-Aug-2026 16:46:41 Asia/Jakarta] PHP Warning:  Trying to access array offset on value of type bool in /home/andronet/mikbotam.andronet.xyz/Saldo/src/Bot.php on line 125
[12-Aug-2026 16:46:41 Asia/Jakarta] PHP Warning:  Trying to access array offset on value of type null in /home/andronet/mikbotam.andronet.xyz/Saldo/src/Bot.php on line 125
[12-Aug-2026 16:46:41 Asia/Jakarta] PHP Warning:  Trying to access array offset on value of type bool in /home/andronet/mikbotam.andronet.xyz/Saldo/src/Bot.php on line 128
[12-Aug-2026 16:47:21 Asia/Jakarta] PHP Warning:  Undefined array key "text" in /home/andronet/mikbotam.andronet.xyz/Saldo/src/Bot.php on line 111
[12-Aug-2026 16:47:21 Asia/Jakarta] PHP Warning:  Trying to access array offset on value of type bool in /home/andronet/mikbotam.andronet.xyz/Saldo/src/Bot.php on line 117
[12-Aug-2026 16:47:21 Asia/Jakarta] PHP Warning:  Trying to access array offset on value of type null in /home/andronet/mikbotam.andronet.xyz/Saldo/src/Bot.php on line 117
[12-Aug-2026 16:47:21 Asia/Jakarta] PHP Warning:  Trying to access array offset on value of type bool in /home/andronet/mikbotam.andronet.xyz/Saldo/src/Bot.php on line 118
[12-Aug-2026 16:47:21 Asia/Jakarta] PHP Warning:  Trying to access array offset on value of type null in /home/andronet/mikbotam.andronet.xyz/Saldo/src/Bot.php on line 118
[12-Aug-2026 16:47:21 Asia/Jakarta] PHP Warning:  Trying to access array offset on value of type bool in /home/andronet/mikbotam.andronet.xyz/Saldo/src/Bot.php on line 119
[12-Aug-2026 16:47:21 Asia/Jakarta] PHP Warning:  Trying to access array offset on value of type null in /home/andronet/mikbotam.andronet.xyz/Saldo/src/Bot.php on line 119
[12-Aug-2026 16:47:21 Asia/Jakarta] PHP Warning:  Trying to access array offset on value of type bool in /home/andronet/mikbotam.andronet.xyz/Saldo/src/Bot.php on line 122
[12-Aug-2026 16:47:21 Asia/Jakarta] PHP Warning:  Trying to access array offset on value of type null in /home/andronet/mikbotam.andronet.xyz/Saldo/src/Bot.php on line 122
[12-Aug-2026 16:47:21 Asia/Jakarta] PHP Warning:  Trying to access array offset on value of type bool in /home/andronet/mikbotam.andronet.xyz/Saldo/src/Bot.php on line 123
[12-Aug-2026 16:47:21 Asia/Jakarta] PHP Warning:  Trying to access array offset on value of type null in /home/andronet/mikbotam.andronet.xyz/Saldo/src/Bot.php on line 123
[12-Aug-2026 16:47:21 Asia/Jakarta] PHP Warning:  Trying to access array offset on value of type bool in /home/andronet/mikbotam.andronet.xyz/Saldo/src/Bot.php on line 124
[12-Aug-2026 16:47:21 Asia/Jakarta] PHP Warning:  Trying to access array offset on value of type null in /home/andronet/mikbotam.andronet.xyz/Saldo/src/Bot.php on line 124
[12-Aug-2026 16:47:21 Asia/Jakarta] PHP Warning:  Trying to access array offset on value of type bool in /home/andronet/mikbotam.andronet.xyz/Saldo/src/Bot.php on line 125
[12-Aug-2026 16:47:21 Asia/Jakarta] PHP Warning:  Trying to access array offset on value of type null in /home/andronet/mikbotam.andronet.xyz/Saldo/src/Bot.php on line 125
[12-Aug-2026 16:47:21 Asia/Jakarta] PHP Warning:  Trying to access array offset on value of type bool in /home/andronet/mikbotam.andronet.xyz/Saldo/src/Bot.php on line 128
[12-Aug-2026 16:47:21 Asia/Jakarta] PHP Warning:  Undefined variable $echoexperid in /home/andronet/mikbotam.andronet.xyz/Saldo/Core.php on line 1344
[12-Aug-2026 16:47:23 Asia/Jakarta] PHP Warning:  Undefined array key "text" in /home/andronet/mikbotam.andronet.xyz/Saldo/src/Bot.php on line 111
[12-Aug-2026 16:47:23 Asia/Jakarta] PHP Warning:  Undefined array key "result" in /home/andronet/mikbotam.andronet.xyz/Saldo/src/Bot.php on line 114
[12-Aug-2026 16:47:23 Asia/Jakarta] PHP Warning:  Trying to access array offset on value of type null in /home/andronet/mikbotam.andronet.xyz/Saldo/src/Bot.php on line 117
[12-Aug-2026 16:47:23 Asia/Jakarta] PHP Warning:  Trying to access array offset on value of type null in /home/andronet/mikbotam.andronet.xyz/Saldo/src/Bot.php on line 117
[12-Aug-2026 16:47:23 Asia/Jakarta] PHP Warning:  Trying to access array offset on value of type null in /home/andronet/mikbotam.andronet.xyz/Saldo/src/Bot.php on line 118
[12-Aug-2026 16:47:23 Asia/Jakarta] PHP Warning:  Trying to access array offset on value of type null in /home/andronet/mikbotam.andronet.xyz/Saldo/src/Bot.php on line 118
[12-Aug-2026 16:47:23 Asia/Jakarta] PHP Warning:  Trying to access array offset on value of type null in /home/andronet/mikbotam.andronet.xyz/Saldo/src/Bot.php on line 119
[12-Aug-2026 16:47:23 Asia/Jakarta] PHP Warning:  Trying to access array offset on value of type null in /home/andronet/mikbotam.andronet.xyz/Saldo/src/Bot.php on line 119
[12-Aug-2026 16:47:23 Asia/Jakarta] PHP Warning:  Trying to access array offset on value of type null in /home/andronet/mikbotam.andronet.xyz/Saldo/src/Bot.php on line 122
[12-Aug-2026 16:47:23 Asia/Jakarta] PHP Warning:  Trying to access array offset on value of type null in /home/andronet/mikbotam.andronet.xyz/Saldo/src/Bot.php on line 122
[12-Aug-2026 16:47:23 Asia/Jakarta] PHP Warning:  Trying to access array offset on value of type null in /home/andronet/mikbotam.andronet.xyz/Saldo/src/Bot.php on line 123
[12-Aug-2026 16:47:23 Asia/Jakarta] PHP Warning:  Trying to access array offset on value of type null in /home/andronet/mikbotam.andronet.xyz/Saldo/src/Bot.php on line 123
[12-Aug-2026 16:47:23 Asia/Jakarta] PHP Warning:  Trying to access array offset on value of type null in /home/andronet/mikbotam.andronet.xyz/Saldo/src/Bot.php on line 124
[12-Aug-2026 16:47:23 Asia/Jakarta] PHP Warning:  Trying to access array offset on value of type null in /home/andronet/mikbotam.andronet.xyz/Saldo/src/Bot.php on line 124
[12-Aug-2026 16:47:23 Asia/Jakarta] PHP Warning:  Trying to access array offset on value of type null in /home/andronet/mikbotam.andronet.xyz/Saldo/src/Bot.php on line 125
[12-Aug-2026 16:47:23 Asia/Jakarta] PHP Warning:  Trying to access array offset on value of type null in /home/andronet/mikbotam.andronet.xyz/Saldo/src/Bot.php on line 125
[12-Aug-2026 16:47:23 Asia/Jakarta] PHP Warning:  Trying to access array offset on value of type null in /home/andronet/mikbotam.andronet.xyz/Saldo/src/Bot.php on line 128
[12-Aug-2026 16:47:24 Asia/Jakarta] PHP Warning:  Undefined variable $gagalprint in /home/andronet/mikbotam.andronet.xyz/Saldo/Core.php on line 1454
[12-Aug-2026 16:54:56 Asia/Jakarta] PHP Warning:  Undefined variable $echoexperid in /home/andronet/mikbotam.andronet.xyz/Saldo/Core.php on line 1344
[12-Aug-2026 17:05:07 Asia/Jakarta] PHP Warning:  Undefined variable $echoexperid in /home/andronet/mikbotam.andronet.xyz/Saldo/Core.php on line 1344
[12-Aug-2026 18:49:27 Asia/Jakarta] PHP Warning:  Undefined array key "message" in /home/andronet/mikbotam.andronet.xyz/Saldo/src/Bot.php on line 70
[12-Aug-2026 18:49:27 Asia/Jakarta] PHP Warning:  Trying to access array offset on value of type null in /home/andronet/mikbotam.andronet.xyz/Saldo/src/Bot.php on line 70
[12-Aug-2026 18:49:27 Asia/Jakarta] PHP Warning:  Trying to access array offset on value of type null in /home/andronet/mikbotam.andronet.xyz/Saldo/src/Bot.php on line 70
[12-Aug-2026 18:49:36 Asia/Jakarta] PHP Warning:  Undefined array key "message" in /home/andronet/mikbotam.andronet.xyz/Saldo/src/Bot.php on line 70
[12-Aug-2026 18:49:36 Asia/Jakarta] PHP Warning:  Trying to access array offset on value of type null in /home/andronet/mikbotam.andronet.xyz/Saldo/src/Bot.php on line 70
[12-Aug-2026 18:49:36 Asia/Jakarta] PHP Warning:  Trying to access array offset on value of type null in /home/andronet/mikbotam.andronet.xyz/Saldo/src/Bot.php on line 70
[12-Aug-2026 22:27:27 Asia/Jakarta] PHP Warning:  Undefined array key "REQUEST_METHOD" in C:\xampp\htdocs\mikbotam\config\system.conn.php on line 53
[12-Aug-2026 22:27:27 Asia/Jakarta] PHP Fatal error:  Uncaught Error: Call to undefined method medoo::id() in C:\xampp\htdocs\mikbotam\config\system.database.php:2368
Stack trace:
#0 C:\xampp\htdocs\mikbotam\scratch\test_registration_flow.php(12): register_new_app_user('testadmin178654...', 'Test Admin User', 'password123')
#1 {main}
  thrown in C:\xampp\htdocs\mikbotam\config\system.database.php on line 2368
[12-Aug-2026 22:27:38 Asia/Jakarta] PHP Warning:  Undefined array key "REQUEST_METHOD" in C:\xampp\htdocs\mikbotam\config\system.conn.php on line 53
[12-Aug-2026 22:27:40 Asia/Jakarta] PHP Warning:  session_start(): Session cannot be started after headers have already been sent in C:\xampp\htdocs\mikbotam\scratch\test_registration_flow.php on line 26
